MAGMA_VERSION 2.29-5
Loading "profiles.m"
Loading "witnesses.m"
Loading "exceptions.m"
PROFILE_VALIDATION n=5 status=PASS
PROFILE_VALIDATION n=6 status=PASS
PROFILE_VALIDATION n=7 status=PASS
PROFILE_VALIDATION n=8 status=PASS
PROFILE_VALIDATION n=9 status=PASS
PROFILE_VALIDATION n=10 status=PASS
PROFILE_VALIDATION n=11 status=PASS
PROFILE_VALIDATION n=12 status=PASS
PROFILE_VALIDATION degrees=5..12 prime_cases=32 status=PASS
CLASS_CERTIFICATE S5 primes=[ 2, 3, 5 ] minima=[ 1, 1, 1 ] bad_sum=7/10
SYMMETRIC_PASS n=5 method=conjugacy_class bad_bound=7/10
ALTERNATING_PASS n=5 method=cycle_profile bad_bound=13/15
CLASS_CERTIFICATE S6 primes=[ 2, 3, 5 ] minima=[ 1, 1, 1 ] bad_sum=5/6
SYMMETRIC_PASS n=6 method=conjugacy_class bad_bound=5/6
ALTERNATING_PASS n=6 method=cycle_profile bad_bound=59/60
SYMMETRIC_PASS n=7 method=cycle_profile bad_bound=2297/2520
ALTERNATING_PASS n=7 method=cycle_profile bad_bound=143/360
CLASS_CERTIFICATE S8 primes=[ 2, 3, 5, 7 ] minima=[ 2, 1, 1, 1 ] bad_sum=191/336
SYMMETRIC_PASS n=8 method=conjugacy_class bad_bound=191/336
DOUBLE_COSET_CERTIFICATE A8 sylow_order=64 disjoint_cosets=1 good_mass=64/315
ALTERNATING_PASS n=8 method=good_double_coset bad_bound=17729/20160
DOUBLE_COSET_CERTIFICATE S9 sylow_order=128 disjoint_cosets=7 good_mass=128/405
SYMMETRIC_PASS n=9 method=good_double_cosets bad_bound=6253/6480
ALTERNATING_PASS n=9 method=cycle_profile bad_bound=613/720
NILPOTENT_PAIR_PASS n=9 groups=S,A
DOUBLE_COSET_CERTIFICATE S10 sylow_order=256 disjoint_cosets=6 good_mass=512/4725
SYMMETRIC_PASS n=10 method=good_double_cosets bad_bound=28177/28350
ALTERNATING_PASS n=10 method=cycle_profile bad_bound=479/810
NILPOTENT_PAIR_PASS n=10 groups=S,A
SYMMETRIC_PASS n=11 method=cycle_profile bad_bound=17193107/19958400
ALTERNATING_PASS n=11 method=cycle_profile bad_bound=6172307/19958400
NILPOTENT_PAIR_PASS n=11 groups=S,A
DOUBLE_COSET_CERTIFICATE S12 sylow_order=1024 disjoint_cosets=41 good_mass=41984/467775
SYMMETRIC_PASS n=12 method=good_double_cosets bad_bound=239418491/239500800
ALTERNATING_PASS n=12 method=cycle_profile bad_bound=5324059/7257600
NILPOTENT_PAIR_PASS n=12 groups=S,A
SYMMETRIC_PASS n=13 method=cycle_profile bad_bound=684112823/778377600
ALTERNATING_PASS n=13 method=cycle_profile bad_bound=252204983/778377600
NILPOTENT_PAIR_PASS n=13 groups=S,A
SYMMETRIC_PASS n=14 method=matching bad_bound=25465631/30270240
ALTERNATING_PASS n=14 method=cycle_profile bad_bound=3503413/10090080
NILPOTENT_PAIR_PASS n=14 groups=S,A
SYMMETRIC_PASS n=15 method=cycle_profile bad_bound=43154564357/54486432000
ALTERNATING_PASS n=15 method=cycle_profile bad_bound=14209596677/54486432000
NILPOTENT_PAIR_PASS n=15 groups=S,A
SYMMETRIC_PASS n=16 method=matching bad_bound=87267893329/96864768000
ALTERNATING_PASS n=16 method=cycle_profile bad_bound=3719470739/8805888000
NILPOTENT_PAIR_PASS n=16 groups=S,A
SYMMETRIC_PASS n=17 method=cycle_profile bad_bound=17517660882899/22230464256000
ALTERNATING_PASS n=17 method=cycle_profile bad_bound=5549766232019/22230464256000
NILPOTENT_PAIR_PASS n=17 groups=S,A
SYMMETRIC_PASS n=18 method=cycle_profile bad_bound=361650743097389/400148356608000
ALTERNATING_PASS n=18 method=cycle_profile bad_bound=115299357046829/400148356608000
NILPOTENT_PAIR_PASS n=18 groups=S,A
SYMMETRIC_PASS n=19 method=cycle_profile bad_bound=45505959986602523/60822550204416000
ALTERNATING_PASS n=19 method=cycle_profile bad_bound=13463271794418203/60822550204416000
NILPOTENT_PAIR_PASS n=19 groups=S,A
SYMMETRIC_PASS n=20 method=cycle_profile bad_bound=118142954633302243/135161222676480000
ALTERNATING_PASS n=20 method=cycle_profile bad_bound=194850123670009/722787287040000
NILPOTENT_PAIR_PASS n=20 groups=S,A
SYMMETRIC_PASS n=21 method=cycle_profile bad_bound=6101646055542157/8109673360588800
ALTERNATING_PASS n=21 method=cycle_profile bad_bound=9026586092094401/40548366802944000
NILPOTENT_PAIR_PASS n=21 groups=S,A
SYMMETRIC_PASS n=22 method=cycle_profile bad_bound=9342353403889454573/11240007277776076800
ALTERNATING_PASS n=22 method=cycle_profile bad_bound=13707590684745549217/56200036388880384000
NILPOTENT_PAIR_PASS n=22 groups=S,A
SYMMETRIC_PASS n=23 method=cycle_profile bad_bound=373975143687573659381/517040334777699532800
ALTERNATING_PASS n=23 method=cycle_profile bad_bound=103014716485771648757/517040334777699532800
NILPOTENT_PAIR_PASS n=23 groups=S,A
SYMMETRIC_PASS n=24 method=cycle_profile bad_bound=28462788483946862545613/34469355651846635520000
ALTERNATING_PASS n=24 method=cycle_profile bad_bound=8329906759516929592013/34469355651846635520000
NILPOTENT_PAIR_PASS n=24 groups=S,A
SYMMETRIC_PASS n=25 method=cycle_profile bad_bound=2820663422520629887749061/3877802510832746496000000
ALTERNATING_PASS n=25 method=cycle_profile bad_bound=779164733589722832030661/3877802510832746496000000
NILPOTENT_PAIR_PASS n=25 groups=S,A
SYMMETRIC_PASS n=26 method=cycle_profile bad_bound=313899696663743824593961/395383785418240819200000
ALTERNATING_PASS n=26 method=cycle_profile bad_bound=1477702130741652065306297/6721524352110093926400000
NILPOTENT_PAIR_PASS n=26 groups=S,A
SYMMETRIC_PASS n=27 method=cycle_profile bad_bound=162216749261642760300858001/226851446883715670016000000
ALTERNATING_PASS n=27 method=cycle_profile bad_bound=43579287502300972637293201/226851446883715670016000000
NILPOTENT_PAIR_PASS n=27 groups=S,A
SYMMETRIC_PASS n=28 method=cycle_profile bad_bound=5019787833242434362480039869/6351840512744038760448000000
ALTERNATING_PASS n=28 method=cycle_profile bad_bound=81611304599260530072094957/373637677220237574144000000
NILPOTENT_PAIR_PASS n=28 groups=S,A
SYMMETRIC_PASS n=29 method=cycle_profile bad_bound=5549647156757722631861377/7797655872422349373440000
ALTERNATING_PASS n=29 method=cycle_profile bad_bound=16544704949307243858463247819/88417619937397019545436160000
NILPOTENT_PAIR_PASS n=29 groups=S,A
SYMMETRIC_PASS n=30 method=cycle_profile bad_bound=51336010010857932889395228004739/66313214953047764659077120000000
ALTERNATING_PASS n=30 method=cycle_profile bad_bound=13850222515585005868058760139139/66313214953047764659077120000000
NILPOTENT_PAIR_PASS n=30 groups=S,A
SYMMETRIC_PASS n=31 method=cycle_profile bad_bound=2892016491420396496486204719846269/4111419327088961408862781440000000
ALTERNATING_PASS n=31 method=cycle_profile bad_bound=744712760399330249413115003622269/4111419327088961408862781440000000
NILPOTENT_PAIR_PASS n=31 groups=S,A
SYMMETRIC_PASS n=32 method=cycle_profile bad_bound=33637365853611583868030770900090183/43855139488948921694536335360000000
ALTERNATING_PASS n=32 method=cycle_profile bad_bound=8912079551681583951841712565370183/43855139488948921694536335360000000
NILPOTENT_PAIR_PASS n=32 groups=S,A
SYMMETRIC_PASS n=33 method=cycle_profile bad_bound=510376987778950609610882897545984099/723609801567657207959849533440000000
ALTERNATING_PASS n=33 method=cycle_profile bad_bound=131541174533723636818981056809728099/723609801567657207959849533440000000
NILPOTENT_PAIR_PASS n=33 groups=S,A
SYMMETRIC_PASS n=34 method=cycle_profile bad_bound=55762723016003295158170340782002572267/73808199759901035211904652410880000000
ALTERNATING_PASS n=34 method=cycle_profile bad_bound=852810432491712091079345432969480251/4341658809405943247759097200640000000
NILPOTENT_PAIR_PASS n=34 groups=S,A
SYMMETRIC_PASS n=35 method=cycle_profile bad_bound=449015697961227779923096167156644759063/645821747899134058104165708595200000000
ALTERNATING_PASS n=35 method=cycle_profile bad_bound=3612072003316114160930099398124804873/20832959609649485745295668019200000000
NILPOTENT_PAIR_PASS n=35 groups=S,A
SYMMETRIC_PASS n=36 method=cycle_profile bad_bound=131732831606081922393134454037369810207/174808894168186662343984703078400000000
ALTERNATING_PASS n=36 method=cycle_profile bad_bound=34201871537707457361637283696301010207/174808894168186662343984703078400000000
NILPOTENT_PAIR_PASS n=36 groups=S,A
SYMMETRIC_PASS n=37 method=cycle_profile bad_bound=631775722122545189951226988464300619991/906703102188823784342291145031680000000
ALTERNATING_PASS n=37 method=cycle_profile bad_bound=3627527503611004704885266205006058707793/20854171350342947039872696335728640000000
NILPOTENT_PAIR_PASS n=37 groups=S,A
SYMMETRIC_PASS n=38 method=cycle_profile bad_bound=32324200123104452534466501235961694978878179/43585218122216759313333935341672857600000000
ALTERNATING_PASS n=38 method=cycle_profile bad_bound=8160773230279777464962296925998723302206179/43585218122216759313333935341672857600000000
NILPOTENT_PAIR_PASS n=38 groups=S,A
SYMMETRIC_PASS n=39 method=cycle_profile bad_bound=588131969421052338262594454117124463664554213/849911753383226806610011739162620723200000000
ALTERNATING_PASS n=39 method=cycle_profile bad_bound=144818545364198713779260037698531161284010213/849911753383226806610011739162620723200000000
NILPOTENT_PAIR_PASS n=39 groups=S,A
SYMMETRIC_PASS n=40 method=cycle_profile bad_bound=493461187406183342717884207618396632266012291/666597453633903377733342540519702528000000000
ALTERNATING_PASS n=40 method=cycle_profile bad_bound=2116375990927671994786506423542156360517344947/11332156711776357421466823188834942976000000000
NILPOTENT_PAIR_PASS n=40 groups=S,A
ANCHOR_PASS n=40 p=2 value=510686549540602849/687670874703437625 upper=3/4
ANCHOR_PASS n=39 p=3 value=5296524167603594951/139277978867715187500 upper=1/25
ANCHOR_PASS n=40 p=5 value=5261841764192600234/81141702855164132051871 upper=1/10000
ANCHOR_PASS n=35 p=7 value=3937655889388229869/21183060523489413120000000 upper=1/2400
EVEN_ANCHOR_PASS n=40 value=48224396664991871353/259251919763195984625 upper=3/16
TAIL_BUDGETS_PASS symmetric=1519667/1920000 alternating=439667/480000
SECTION3_PASS symmetric=36 alternating=36 nilpotent_pairs=64 anchors=5 cpu_seconds=0.150
